// Jest Snapshot v1, https://jestjs.io/docs/snapshot-testing

exports[`updateAppConfig should provide \`importProvidersFrom(AppModule)\` in app.config.ts 1`] = `
"import { provideHttpClient, withFetch, withInterceptorsFromDi } from "@angular/common/http";
import { ApplicationConfig, importProvidersFrom, provideBrowserGlobalErrorListeners, provideZoneChangeDetection } from '@angular/core';
import { AppModule } from "./app.module";

export const appConfig: ApplicationConfig = {
  providers: [
    provideBrowserGlobalErrorListeners(),
    provideZoneChangeDetection({ eventCoalescing: true }),
    provideHttpClient(withFetch(), withInterceptorsFromDi()),
    importProvidersFrom(AppModule)
  ]
};
"
`;

exports[`updateAppConfig should provide \`provideHttpClient(withFetch(), withInterceptorsFromDi())\` in app.config.ts 1`] = `
"import { provideHttpClient, withFetch, withInterceptorsFromDi } from "@angular/common/http";
import { ApplicationConfig, importProvidersFrom, provideBrowserGlobalErrorListeners, provideZoneChangeDetection } from '@angular/core';
import { AppModule } from "./app.module";

export const appConfig: ApplicationConfig = {
  providers: [
    provideBrowserGlobalErrorListeners(),
    provideZoneChangeDetection({ eventCoalescing: true }),
    provideHttpClient(withFetch(), withInterceptorsFromDi()),
    importProvidersFrom(AppModule)
  ]
};
"
`;
