// Jest Snapshot v1, https://goo.gl/fbAQLP

exports[`Spartacus product configurator schematics: ng-add Product config feature lazy loading with CPQ feature enabled should add b2b features by adding configuration module 1`] = `
"import { NgModule } from '@angular/core';
import { translationChunksConfig, translations } from \\"@spartacus/assets\\";
import { provideConfig } from \\"@spartacus/core\\";
import { defaultB2bCheckoutConfig, defaultB2bOccConfig } from \\"@spartacus/setup\\";
import { defaultCmsContentProviders, layoutConfig, mediaConfig } from \\"@spartacus/storefront\\";

@NgModule({
  declarations: [],
  imports: [
  ],
  providers: [provideConfig(layoutConfig), provideConfig(mediaConfig), ...defaultCmsContentProviders, provideConfig({
    backend: {
      occ: {
        baseUrl: 'https://localhost:9002',
      }
    },
  }), provideConfig({
    context: {
      currency: ['USD'],
      language: ['en'],
    },
  }), provideConfig({
    i18n: {
      resources: translations,
      chunks: translationChunksConfig,
      fallbackLang: 'en'
    },
  }), provideConfig({
    features: {
      level: '3.2'
    }
  }), provideConfig(defaultB2bOccConfig), provideConfig(defaultB2bCheckoutConfig)]
})
export class SpartacusConfigurationModule { }
"
`;

