// Jest Snapshot v1, https://goo.gl/fbAQLP

exports[`serverRequestOriginFactory when SERVER_REQUEST_ORIGIN is provided in the platform injector when SERVER_REQUEST_ORIGIN is NOT present and when options.serverRequestOrigin is NOT present should throw an error 1`] = `
"The SERVER_REQUEST_ORIGIN is not provided. 
    If you are using the default environment variable, please specify it when initiating the process.
    
    E.g.
    > SERVER_REQUEST_ORIGIN=https://my.domain.com yarn prerender
    > SERVER_REQUEST_ORIGIN=http://localhost:4200 yarn serve:ssr
    
    
    Alternatively, you can pass it as an argument to 'provideServer()'
    function, but beware it will be used for server-side rendering as well.
    
    E.g.
    @NgModule({
      // ...
      providers: [
        provideServer({
          serverRequestOrigin: 'https://my.domain.com',
        }),
      ],
    })
    export class AppServerModule {}"
`;
