// Jest Snapshot v1, https://jestjs.io/docs/snapshot-testing

exports[`add-spartacus on Angular app without routing app.component.html should match snapshot 1`] = `""`;

exports[`add-spartacus on Angular app without routing app.component.ts should be created with correct content 1`] = `""`;

exports[`add-spartacus on Angular app without routing app.config.ts should be created with correct content 1`] = `""`;

exports[`add-spartacus on Angular app without routing app.module.ts should be created with necessary modules imported inside 1`] = `""`;

exports[`add-spartacus on Angular app without routing spartacus.module.ts should be created with correct content 1`] = `""`;

exports[`add-spartacus on Angular app without routing spartacus-configuration.module.ts should be created with correct content 1`] = `""`;
