// Jest Snapshot v1, https://jestjs.io/docs/snapshot-testing

exports[`getAppConfigProviders should handle empty providers array 1`] = `"[]"`;

exports[`getAppConfigProviders should return providers array from appConfig 1`] = `
"[
    provideRouter(routes),
    provideZoneChangeDetection({ eventCoalescing: true })
  ]"
`;
