// Jest Snapshot v1, https://goo.gl/fbAQLP

exports[`add-ssr should add prerendering should create app.prerender.ts 1`] = `
"import { NgModule } from '@angular/core';
  import { getPrerenderProviders } from '@spartacus/setup/prerender';
  import { AppComponent } from './app.component';
  import { AppServerModule as OriginalAppServerModule } from './app.server.module';
  
  @NgModule({
    imports: [OriginalAppServerModule],
    providers: [...getPrerenderProviders({
      requestOrigin:
      process.env['PRERENDER_DOMAIN'] ??
      \`http://localhost:\${process.env['PORT'] || 4200}\`
    })],
    // Since the bootstrapped component is not inherited from your
    // imported AppModule, it needs to be repeated here.
    bootstrap: [AppComponent],
  })
  // NOTE: DO NOT RENAME. ngUniversal expects this module to be named and exported as exactly 'AppServerModule'.
  export class AppServerModule {}"
`;

exports[`add-ssr should add prerendering should create main.prerender.ts 1`] = `
"import { enableProdMode } from '@angular/core';
  import { environment } from './environments/environment';
  
  if (environment.production) {
    enableProdMode();
  }
  export { renderModule, renderModuleFactory } from '@angular/platform-server';
  export { AppServerModule } from './app/app.prerender.module';  
  "
`;

exports[`add-ssr should add prerendering should create prerender.ts 1`] = `
"import 'zone.js/node';
export * from './src/main.prerender';"
`;

exports[`add-ssr should add prerendering should create tsconfig.prerender.json 1`] = `
"{
    \\"extends\\": \\"./tsconfig.server.json\\",
    \\"compilerOptions\\": {
      \\"outDir\\": \\"./out-tsc/prerender\\",
    },
    \\"files\\": [
      \\"./src/main.prerender.ts\\",
      \\"./prerender.ts\\",
    ]
  }
  "
`;

exports[`add-ssr should add prerendering should update angular.json 1`] = `
"{
  \\"$schema\\": \\"./node_modules/@angular/cli/lib/config/schema.json\\",
  \\"version\\": 1,
  \\"newProjectRoot\\": \\"\\",
  \\"projects\\": {
    \\"schematics-test\\": {
      \\"projectType\\": \\"application\\",
      \\"schematics\\": {
        \\"@schematics/angular:component\\": {
          \\"style\\": \\"scss\\"
        }
      },
      \\"root\\": \\"\\",
      \\"sourceRoot\\": \\"src\\",
      \\"prefix\\": \\"app\\",
      \\"architect\\": {
        \\"build\\": {
          \\"builder\\": \\"@angular-devkit/build-angular:browser\\",
          \\"options\\": {
            \\"outputPath\\": \\"dist/schematics-test/browser\\",
            \\"index\\": \\"src/index.html\\",
            \\"main\\": \\"src/main.ts\\",
            \\"polyfills\\": \\"src/polyfills.ts\\",
            \\"tsConfig\\": \\"tsconfig.app.json\\",
            \\"inlineStyleLanguage\\": \\"scss\\",
            \\"assets\\": [
              \\"src/favicon.ico\\",
              \\"src/assets\\"
            ],
            \\"styles\\": [
              \\"src/styles.scss\\"
            ],
            \\"scripts\\": [],
            \\"stylePreprocessorOptions\\": {
              \\"includePaths\\": [
                \\"node_modules/\\"
              ]
            }
          },
          \\"configurations\\": {
            \\"production\\": {
              \\"budgets\\": [
                {
                  \\"type\\": \\"initial\\",
                  \\"maximumWarning\\": \\"500kb\\",
                  \\"maximumError\\": \\"2.5mb\\"
                },
                {
                  \\"type\\": \\"anyComponentStyle\\",
                  \\"maximumWarning\\": \\"2kb\\",
                  \\"maximumError\\": \\"4kb\\"
                }
              ],
              \\"fileReplacements\\": [
                {
                  \\"replace\\": \\"src/environments/environment.ts\\",
                  \\"with\\": \\"src/environments/environment.prod.ts\\"
                }
              ],
              \\"outputHashing\\": \\"all\\"
            },
            \\"development\\": {
              \\"buildOptimizer\\": false,
              \\"optimization\\": false,
              \\"vendorChunk\\": true,
              \\"extractLicenses\\": false,
              \\"sourceMap\\": true,
              \\"namedChunks\\": true
            }
          },
          \\"defaultConfiguration\\": \\"production\\"
        },
        \\"serve\\": {
          \\"builder\\": \\"@angular-devkit/build-angular:dev-server\\",
          \\"configurations\\": {
            \\"production\\": {
              \\"browserTarget\\": \\"schematics-test:build:production\\"
            },
            \\"development\\": {
              \\"browserTarget\\": \\"schematics-test:build:development\\"
            }
          },
          \\"defaultConfiguration\\": \\"development\\"
        },
        \\"extract-i18n\\": {
          \\"builder\\": \\"@angular-devkit/build-angular:extract-i18n\\",
          \\"options\\": {
            \\"browserTarget\\": \\"schematics-test:build\\"
          }
        },
        \\"test\\": {
          \\"builder\\": \\"@angular-devkit/build-angular:karma\\",
          \\"options\\": {
            \\"main\\": \\"src/test.ts\\",
            \\"polyfills\\": \\"src/polyfills.ts\\",
            \\"tsConfig\\": \\"tsconfig.spec.json\\",
            \\"karmaConfig\\": \\"karma.conf.js\\",
            \\"inlineStyleLanguage\\": \\"scss\\",
            \\"assets\\": [
              \\"src/favicon.ico\\",
              \\"src/assets\\"
            ],
            \\"styles\\": [
              \\"src/styles.scss\\"
            ],
            \\"scripts\\": [],
            \\"stylePreprocessorOptions\\": {
              \\"includePaths\\": [
                \\"node_modules/\\"
              ]
            }
          }
        },
        \\"server\\": {
          \\"builder\\": \\"@angular-devkit/build-angular:server\\",
          \\"options\\": {
            \\"outputPath\\": \\"dist/schematics-test/server\\",
            \\"main\\": \\"server.ts\\",
            \\"tsConfig\\": \\"tsconfig.server.json\\",
            \\"stylePreprocessorOptions\\": {
              \\"includePaths\\": [
                \\"node_modules/\\"
              ]
            },
            \\"inlineStyleLanguage\\": \\"scss\\"
          },
          \\"configurations\\": {
            \\"production\\": {
              \\"outputHashing\\": \\"media\\",
              \\"fileReplacements\\": [
                {
                  \\"replace\\": \\"src/environments/environment.ts\\",
                  \\"with\\": \\"src/environments/environment.prod.ts\\"
                }
              ]
            },
            \\"development\\": {
              \\"optimization\\": false,
              \\"sourceMap\\": true,
              \\"extractLicenses\\": false
            }
          },
          \\"defaultConfiguration\\": \\"production\\"
        },
        \\"serve-ssr\\": {
          \\"builder\\": \\"@nguniversal/builders:ssr-dev-server\\",
          \\"configurations\\": {
            \\"development\\": {
              \\"browserTarget\\": \\"schematics-test:build:development\\",
              \\"serverTarget\\": \\"schematics-test:server:development\\"
            },
            \\"production\\": {
              \\"browserTarget\\": \\"schematics-test:build:production\\",
              \\"serverTarget\\": \\"schematics-test:server:production\\"
            }
          },
          \\"defaultConfiguration\\": \\"development\\"
        },
        \\"prerender\\": {
          \\"builder\\": \\"@nguniversal/builders:prerender\\",
          \\"options\\": {
            \\"routes\\": [
              \\"/\\"
            ]
          },
          \\"configurations\\": {
            \\"production\\": {
              \\"browserTarget\\": \\"schematics-test:build:production\\",
              \\"serverTarget\\": \\"schematics-test:prerender-ssr:production\\"
            },
            \\"development\\": {
              \\"browserTarget\\": \\"schematics-test:build:development\\",
              \\"serverTarget\\": \\"schematics-test:prerender-ssr:development\\"
            }
          },
          \\"defaultConfiguration\\": \\"production\\"
        },
        \\"prerender-ssr\\": {
          \\"builder\\": \\"@angular-devkit/build-angular:server\\",
          \\"options\\": {
            \\"outputPath\\": \\"dist/schematics-test/prerender\\",
            \\"main\\": \\"./prerender.ts\\",
            \\"tsConfig\\": \\"./tsconfig.prerender.json\\"
          },
          \\"configurations\\": {
            \\"development\\": {
              \\"sourceMap\\": true,
              \\"optimization\\": false
            },
            \\"production\\": {
              \\"outputHashing\\": \\"media\\",
              \\"fileReplacements\\": [
                {
                  \\"replace\\": \\"src/environments/environment.ts\\",
                  \\"with\\": \\"src/environments/environment.prod.ts\\"
                }
              ],
              \\"sourceMap\\": false,
              \\"optimization\\": true
            }
          },
          \\"defaultConfiguration\\": \\"production\\"
        }
      }
    }
  }
}"
`;
