// Jest Snapshot v1, https://jestjs.io/docs/snapshot-testing

exports[`updateAppConfigInSsr should add provideClientHydration with withEventReplay and withNoHttpTransferCache to app.config.ts 1`] = `
"import { ApplicationConfig, importProvidersFrom, provideBrowserGlobalErrorListeners, provideZoneChangeDetection } from '@angular/core';
import { provideRouter } from '@angular/router';

import { provideHttpClient, withFetch, withInterceptorsFromDi } from "@angular/common/http";
import { AppModule } from "./app.module";
import { routes } from './app.routes';

export const appConfig: ApplicationConfig = {
  providers: [
    provideBrowserGlobalErrorListeners(),
    provideZoneChangeDetection({ eventCoalescing: true }),
    provideRouter(routes),
    provideHttpClient(withFetch(), withInterceptorsFromDi()),
    importProvidersFrom(AppModule)
  ]
};
"
`;
