// Jest Snapshot v1, https://jestjs.io/docs/snapshot-testing

exports[`CxCommonEngine should handle APP_INITIALIZER errors the standard Angular way and throw if any occurred 1`] = `"NG0201: No provider found for \`InjectionToken SOME_TOKEN\`. Source: TokenServerModule. Find more at https://v21.angular.dev/errors/NG0201"`;

exports[`CxCommonEngine should handle errors propagated from SSR 1`] = `"test error"`;

exports[`CxCommonEngine should not override providers passed to options 1`] = `"<cx-token></cx-token>"`;

exports[`CxCommonEngine should return html if no errors 1`] = `"<cx-mock></cx-mock>"`;
