// Jest Snapshot v1, https://goo.gl/fbAQLP

exports[`CxCommonEngine should handle APP_INITIALIZER errors the standard Angular way and throw if any occurred 1`] = `
"R3InjectorError(TokenServerModule)[InjectionToken SOME_TOKEN -> InjectionToken SOME_TOKEN]: 
  NullInjectorError: No provider for InjectionToken SOME_TOKEN!"
`;

exports[`CxCommonEngine should handle errors propagated from SSR 1`] = `"test error"`;

exports[`CxCommonEngine should not override providers passed to options 1`] = `"<html data-beasties-container><head></head><body><cx-token ng-version="19.0.3" ng-server-context="ssr">message:test</cx-token></body></html>"`;

exports[`CxCommonEngine should return html if no errors 1`] = `"<html data-beasties-container><head></head><body><cx-mock ng-version="19.0.3" ng-server-context="ssr">some template</cx-mock></body></html>"`;
