// Jest Snapshot v1, https://jestjs.io/docs/snapshot-testing

exports[`Spartacus Schematics: ng-add should add spartacus properly with SSR 1`] = `
"
import { NgModule } from '@angular/core';
import { EffectsModule } from "@ngrx/effects";
import { StoreModule } from "@ngrx/store";
import { AppRoutingModule } from "@spartacus/storefront";
import { SpartacusModule } from './spartacus/spartacus.module';

@NgModule({
  imports: [StoreModule.forRoot({}), EffectsModule.forRoot([]), AppRoutingModule, SpartacusModule]
})
export class AppModule { }
"
`;

exports[`Spartacus Schematics: ng-add should add spartacus properly with SSR 2`] = `
"{
  "name": "workspace",
  "version": "0.0.0",
  "scripts": {
    "ng": "ng",
    "start": "ng serve",
    "build": "ng build",
    "watch": "ng build --watch --configuration development",
    "test": "ng test",
    "serve:ssr:schematics-test": "node dist/schematics-test/server/server.mjs",
    "build:ssr": "ng build"
  },
  "private": true,
  "dependencies": {
    "@angular/cdk": "^22.2.1",
    "@angular/common": "^22.2.0",
    "@angular/compiler": "^22.2.0",
    "@angular/core": "^22.2.0",
    "@angular/forms": "^22.2.0",
    "@angular/platform-browser": "^22.2.0",
    "@angular/platform-server": "^22.2.0",
    "@angular/router": "^22.2.0",
    "@angular/service-worker": "^22.1.8",
    "@angular/ssr": "^22.2.1",
    "@fontsource/open-sans": "^5.2.7",
    "@fortawesome/fontawesome-free": "7.1.0",
    "@ng-select/ng-select": "^24.2.0",
    "@ngrx/effects": "^22.0.1",
    "@ngrx/router-store": "^22.0.1",
    "@ngrx/store": "^22.0.1",
    "@spartacus/assets": "~221121.20.0",
    "@spartacus/core": "~221121.20.0",
    "@spartacus/setup": "~221121.20.0",
    "@spartacus/storefront": "~221121.20.0",
    "@spartacus/styles": "~221121.20.0",
    "angular-oauth2-oidc": "^22.0.2",
    "express": "^5.1.0",
    "i18next": "^25.7.4",
    "i18next-http-backend": "^3.0.6",
    "i18next-resources-to-backend": "^1.2.2",
    "ngx-infinite-scroll": "^22.0.0",
    "rxjs": "~7.8.0",
    "tslib": "^2.3.0",
    "zone.js": "~0.16.0"
  },
  "devDependencies": {
    "@angular-devkit/core": "^22.1.9",
    "@angular-devkit/schematics": "^22.1.9",
    "@angular/build": "^22.2.1",
    "@angular/cli": "^0.5.0",
    "@angular/compiler": "^22.1.8",
    "@angular/compiler-cli": "^22.2.0",
    "@schematics/angular": "^22.1.9",
    "@spartacus/skills": "~221121.20.0",
    "@types/express": "^5.0.1",
    "@types/node": "^22.12.0",
    "jsdom": "^30.0.0",
    "jsonc-parser": "^3.3.1",
    "parse5": "^8.0.0",
    "prettier": "^3.8.1",
    "typescript": "~6.0.2",
    "vitest": "^5.0.0"
  }
}"
`;

exports[`Spartacus Schematics: ng-add should add spartacus properly with SSR 3`] = `
"
import { NgModule } from '@angular/core';
import { provideServer } from '@spartacus/setup/ssr';

@NgModule({
  providers: [
    
     ...provideServer({
        serverRequestOrigin: process.env['SERVER_REQUEST_ORIGIN'],
      }),
  ]
})
export class AppServerModule {}
"
`;
