// Jest Snapshot v1, https://goo.gl/fbAQLP

exports[`Graph utils feature dependency graph should generate the correct installation order: 
        [
          "User-Account",
          "User-Profile",
          "Cart",
          "Saved-Cart",
          "WishList",
          "Quick-Order",
          "Import-Export",
          "Order",
          "Checkout",
          "Checkout-B2B",
          "Checkout-Scheduled-Replenishment",
          "Personalization",
          "TMS-AEPL",
          "TMS-GTM",
          "PDF-Invoices",
          "Requested-Delivery-Date",
          "Customer-Ticketing",
          "Organization-User-Registration",
          "Administration",
          "Account-Summary",
          "Unit-Order",
          "Order-Approval",
          "VC-Configurator",
          "CPQ-Configurator",
          "Textfield-Configurator",
          "Store-Finder",
          "ASM",
          "ASM-Customer-360",
          "cpq-quote",
          "Segment-Refs",
          "s4-service",
          "S4HANA-Order-Management",
          "OPPS",
          "EPD-Visualization",
          "Digital-Payments",
          "CDS",
          "CDP",
          "CDC-B2B",
          "CDC",
          "SmartEdit",
          "Estimated-Delivery-Date",
          "Qualtrics",
          "Product-Multi-Dimensional-Selector",
          "Product-Multi-Dimensional-List",
          "Future-Stock",
          "Product-Variants",
          "Image-Zoom",
          "Bulk-Pricing",
          "Pickup-In-Store",
          "Quote",
        ]
       1`] = `
[
  "User-Account",
  "User-Profile",
  "Cart",
  "Saved-Cart",
  "WishList",
  "Quick-Order",
  "Import-Export",
  "Order",
  "Checkout",
  "Checkout-B2B",
  "Checkout-Scheduled-Replenishment",
  "Personalization",
  "TMS-AEPL",
  "TMS-GTM",
  "PDF-Invoices",
  "Requested-Delivery-Date",
  "Customer-Ticketing",
  "Organization-User-Registration",
  "Administration",
  "Account-Summary",
  "Unit-Order",
  "Order-Approval",
  "VC-Configurator",
  "CPQ-Configurator",
  "Textfield-Configurator",
  "Store-Finder",
  "ASM",
  "ASM-Customer-360",
  "cpq-quote",
  "Segment-Refs",
  "s4-service",
  "S4HANA-Order-Management",
  "OPPS",
  "EPD-Visualization",
  "Digital-Payments",
  "CDS",
  "CDP",
  "CDC-B2B",
  "CDC",
  "SmartEdit",
  "Estimated-Delivery-Date",
  "Qualtrics",
  "Product-Multi-Dimensional-List",
  "Product-Multi-Dimensional-Selector",
  "Future-Stock",
  "Product-Variants",
  "Image-Zoom",
  "Bulk-Pricing",
  "Pickup-In-Store",
  "Quote",
]
`;
