// Jest Snapshot v1, https://goo.gl/fbAQLP

exports[`Spartacus Estimated-Delivery-Date schematics: ng-add Estimated-Delivery-Date feature eager loading should import appropriate modules 1`] = `""`;

exports[`Spartacus Estimated-Delivery-Date schematics: ng-add Estimated-Delivery-Date feature general setup should add the feature using the lazy loading syntax 1`] = `""`;

exports[`Spartacus Estimated-Delivery-Date schematics: ng-add Estimated-Delivery-Date feature general setup should add the feature using the lazy loading syntax 2`] = `
"import { NgModule } from '@angular/core';
import { CartBaseModule } from "@spartacus/cart/base";
import { EstimatedDeliveryDateModule } from "@spartacus/estimated-delivery-date";

@NgModule({
  declarations: [],
  imports: [
    CartBaseModule,
    EstimatedDeliveryDateModule
  ]
})
export class CartBaseWrapperModule { }
"
`;
