// Jest Snapshot v1, https://goo.gl/fbAQLP

exports[`Spartacus segment-refs schematics: ng-add Segment-refs feature eager loading should import appropriate modules 1`] = `
"import { NgModule } from '@angular/core';
import { SegmentRefsModule } from "@spartacus/segment-refs";
import { SegmentRefsRootModule } from "@spartacus/segment-refs/root";

@NgModule({
  declarations: [],
  imports: [
    SegmentRefsRootModule,
    SegmentRefsModule
  ]
})
export class SegmentRefsFeatureModule { }
"
`;

exports[`Spartacus segment-refs schematics: ng-add Segment-refs feature general setup should add the feature using the lazy loading syntax 1`] = `
"import { NgModule } from '@angular/core';
import { CmsConfig, provideConfig } from "@spartacus/core";
import { SegmentRefsRootModule, SEGMENT_REFS_FEATURE } from "@spartacus/segment-refs/root";

@NgModule({
  declarations: [],
  imports: [
    SegmentRefsRootModule
  ],
  providers: [provideConfig(<CmsConfig>{
    featureModules: {
      [SEGMENT_REFS_FEATURE]: {
        module: () =>
          import('@spartacus/segment-refs').then((m) => m.SegmentRefsModule),
      },
    }
  })]
})
export class SegmentRefsFeatureModule { }
"
`;
