// Jest Snapshot v1, https://goo.gl/fbAQLP

exports[`Spartacus segment-refs schematics: ng-add Segment-refs feature eager loading should import appropriate modules 1`] = `
"import { NgModule } from '@angular/core';
import { SegmentRefsRootModule } from "@spartacus/segment-refs/root";

@NgModule({
  declarations: [],
  imports: [
    SegmentRefsRootModule
  ]
})
export class SegmentRefsFeatureModule { }
"
`;

exports[`Spartacus segment-refs schematics: ng-add Segment-refs feature general setup should add the feature using the lazy loading syntax 1`] = `
"import { NgModule } from '@angular/core';
import { SegmentRefsRootModule } from "@spartacus/segment-refs/root";

@NgModule({
  declarations: [],
  imports: [
    SegmentRefsRootModule
  ]
})
export class SegmentRefsFeatureModule { }
"
`;
